'CAP NP_CAP0603_10NF' 'capnp_cap0603_10nf.txt';
'CAP NP_CAP0603_2.2NF' 'capnp_cap0603_22nf__1.txt';
'CAP NP_CAP0603_22NF' 'capnp_cap0603_22nf.txt';
'CAP NP_CAP0603_0.1UF' 'capnp_cap0603_01uf.txt';
'CAP NP_CAP1206_2.2UF' 'capnp_cap1206_22uf.txt';
'CAP NP_CAP0805_0.1UF' 'capnp_cap0805_01uf.txt';
'HEADER 5X2_JUMPER5X2_HEADER 5X2' 'header5x2_jumper5x2_header5x2.txt';
'HEADER 6X2_JUMPER6X2_HEADER 6X2' 'header6x2_jumper6x2_header6x2.txt';
'HEADER 7X2_JUMPER7X2_HEADER 7X2' 'header7x2_jumper7x2_header7x2.txt';
'SW PUSHBUTTON-DPST_RESET_DSP-RE' 'swpushbutton-dpst_reset_dsp-re.txt';
'R_RES0603_3.3K' 'r_res0603_33k.txt';
'R_RES0603_4.7K' 'r_res0603_47k__1.txt';
'CAP NP_CAP0603_100NF' 'capnp_cap0603_100nf.txt';
'CAP NP_CAP0603_220NF' 'capnp_cap0603_220nf.txt';
'CAP NP_CAP0603_220PF' 'capnp_cap0603_220pf.txt';
'CAP NP_CAP0603_0.01UF' 'capnp_cap0603_001uf.txt';
'CAP NP_CAP0603_470PF' 'capnp_cap0603_470pf.txt';
'CAP NP_CAP0603_1NF' 'capnp_cap0603_1nf.txt';
'CAP NP_CAP0805_1UF' 'capnp_cap0805_1uf.txt';
'CAP NP_CAP0603_2000PF' 'capnp_cap0603_2000pf.txt';
'CAP NP_CAP0603_2200PF' 'capnp_cap0603_2200pf.txt';
'CAP NP_CAP0603_1600PF' 'capnp_cap0603_1600pf.txt';
'EMI FILTER_ACF451832_EMI FILTER' 'emifilter_acf451832_emifilter.txt';
'CAP NP_CAP0603_2700PF' 'capnp_cap0603_2700pf.txt';
